{"level":"info","message":"OpenBao endpoints configured: [\"http://localhost:18200\",\"http://openbao:8200\"]","service":"ehr-backend","timestamp":"2025-12-24 02:27:37"}
{"level":"info","message":"Attempting to connect to OpenBao at http://localhost:18200","service":"ehr-backend","timestamp":"2025-12-24 02:27:37"}
{"level":"info","message":"Server running on port 3001","service":"ehr-backend","timestamp":"2025-12-24 02:27:38"}
{"level":"info","message":"Environment: development","service":"ehr-backend","timestamp":"2025-12-24 02:27:38"}
{"level":"info","message":"API Documentation: http://localhost:3001/api/docs","service":"ehr-backend","timestamp":"2025-12-24 02:27:38"}
{"host":"mongodb","level":"info","message":"MongoDB connected","name":"ehr","service":"ehr-backend","timestamp":"2025-12-24 02:27:38"}
{"error":"","level":"warn","message":"OpenBao connection attempt 1/3 to http://localhost:18200 failed","service":"ehr-backend","timestamp":"2025-12-24 02:27:38"}
{"level":"info","message":"Retrying OpenBao connection in 1000ms","service":"ehr-backend","timestamp":"2025-12-24 02:27:38"}
{"error":"","level":"warn","message":"OpenBao connection attempt 2/3 to http://localhost:18200 failed","service":"ehr-backend","timestamp":"2025-12-24 02:27:39"}
{"level":"info","message":"Retrying OpenBao connection in 2000ms","service":"ehr-backend","timestamp":"2025-12-24 02:27:39"}
{"error":"","level":"warn","message":"OpenBao connection attempt 3/3 to http://localhost:18200 failed","service":"ehr-backend","timestamp":"2025-12-24 02:27:41"}
{"level":"warn","message":"All connection attempts to http://localhost:18200 failed, trying next endpoint if available","service":"ehr-backend","timestamp":"2025-12-24 02:27:41"}
{"level":"info","message":"Attempting to connect to OpenBao at http://openbao:8200","service":"ehr-backend","timestamp":"2025-12-24 02:27:41"}
{"level":"info","message":"OpenBao connection established at http://openbao:8200","service":"ehr-backend","timestamp":"2025-12-24 02:27:41"}
{"level":"info","message":"OpenBao initialized successfully","service":"ehr-backend","timestamp":"2025-12-24 02:27:41"}
{"level":"info","message":"OpenBao endpoints configured: [\"http://localhost:18200\",\"http://openbao:8200\"]","service":"ehr-backend","timestamp":"2025-12-24 02:28:58"}
{"level":"info","message":"Attempting to connect to OpenBao at http://localhost:18200","service":"ehr-backend","timestamp":"2025-12-24 02:28:59"}
{"level":"info","message":"Server running on port 3001","service":"ehr-backend","timestamp":"2025-12-24 02:28:59"}
{"level":"info","message":"Environment: development","service":"ehr-backend","timestamp":"2025-12-24 02:28:59"}
{"level":"info","message":"API Documentation: http://localhost:3001/api/docs","service":"ehr-backend","timestamp":"2025-12-24 02:28:59"}
{"host":"mongodb","level":"info","message":"MongoDB connected","name":"ehr","service":"ehr-backend","timestamp":"2025-12-24 02:28:59"}
{"error":"","level":"warn","message":"OpenBao connection attempt 1/3 to http://localhost:18200 failed","service":"ehr-backend","timestamp":"2025-12-24 02:28:59"}
{"level":"info","message":"Retrying OpenBao connection in 1000ms","service":"ehr-backend","timestamp":"2025-12-24 02:28:59"}
{"error":"","level":"warn","message":"OpenBao connection attempt 2/3 to http://localhost:18200 failed","service":"ehr-backend","timestamp":"2025-12-24 02:29:00"}
{"level":"info","message":"Retrying OpenBao connection in 2000ms","service":"ehr-backend","timestamp":"2025-12-24 02:29:00"}
{"error":"","level":"warn","message":"OpenBao connection attempt 3/3 to http://localhost:18200 failed","service":"ehr-backend","timestamp":"2025-12-24 02:29:02"}
{"level":"warn","message":"All connection attempts to http://localhost:18200 failed, trying next endpoint if available","service":"ehr-backend","timestamp":"2025-12-24 02:29:02"}
{"level":"info","message":"Attempting to connect to OpenBao at http://openbao:8200","service":"ehr-backend","timestamp":"2025-12-24 02:29:02"}
{"level":"info","message":"OpenBao connection established at http://openbao:8200","service":"ehr-backend","timestamp":"2025-12-24 02:29:02"}
{"level":"info","message":"OpenBao initialized successfully","service":"ehr-backend","timestamp":"2025-12-24 02:29:02"}
{"level":"info","message":"OpenBao endpoints configured: [\"http://localhost:18200\",\"http://openbao:8200\"]","service":"ehr-backend","timestamp":"2025-12-24 02:33:19"}
{"level":"info","message":"Attempting to connect to OpenBao at http://localhost:18200","service":"ehr-backend","timestamp":"2025-12-24 02:33:20"}
{"level":"info","message":"Server running on port 3001","service":"ehr-backend","timestamp":"2025-12-24 02:33:20"}
{"level":"info","message":"Environment: development","service":"ehr-backend","timestamp":"2025-12-24 02:33:20"}
{"level":"info","message":"API Documentation: http://localhost:3001/api/docs","service":"ehr-backend","timestamp":"2025-12-24 02:33:20"}
{"host":"mongodb","level":"info","message":"MongoDB connected","name":"ehr","service":"ehr-backend","timestamp":"2025-12-24 02:33:20"}
{"error":"","level":"warn","message":"OpenBao connection attempt 1/3 to http://localhost:18200 failed","service":"ehr-backend","timestamp":"2025-12-24 02:33:20"}
{"level":"info","message":"Retrying OpenBao connection in 1000ms","service":"ehr-backend","timestamp":"2025-12-24 02:33:20"}
{"error":"","level":"warn","message":"OpenBao connection attempt 2/3 to http://localhost:18200 failed","service":"ehr-backend","timestamp":"2025-12-24 02:33:21"}
{"level":"info","message":"Retrying OpenBao connection in 2000ms","service":"ehr-backend","timestamp":"2025-12-24 02:33:21"}
{"error":"","level":"warn","message":"OpenBao connection attempt 3/3 to http://localhost:18200 failed","service":"ehr-backend","timestamp":"2025-12-24 02:33:23"}
{"level":"warn","message":"All connection attempts to http://localhost:18200 failed, trying next endpoint if available","service":"ehr-backend","timestamp":"2025-12-24 02:33:23"}
{"level":"info","message":"Attempting to connect to OpenBao at http://openbao:8200","service":"ehr-backend","timestamp":"2025-12-24 02:33:23"}
{"level":"info","message":"OpenBao connection established at http://openbao:8200","service":"ehr-backend","timestamp":"2025-12-24 02:33:23"}
{"level":"info","message":"OpenBao initialized successfully","service":"ehr-backend","timestamp":"2025-12-24 02:33:23"}
{"level":"info","message":"OpenBao endpoints configured: [\"http://localhost:18200\",\"http://openbao:8200\"]","service":"ehr-backend","timestamp":"2025-12-24 02:48:26"}
{"level":"info","message":"Attempting to connect to OpenBao at http://localhost:18200","service":"ehr-backend","timestamp":"2025-12-24 02:48:26"}
{"level":"info","message":"Server running on port 3001","service":"ehr-backend","timestamp":"2025-12-24 02:48:26"}
{"level":"info","message":"Environment: development","service":"ehr-backend","timestamp":"2025-12-24 02:48:26"}
{"level":"info","message":"API Documentation: http://localhost:3001/api/docs","service":"ehr-backend","timestamp":"2025-12-24 02:48:26"}
{"host":"mongodb","level":"info","message":"MongoDB connected","name":"ehr","service":"ehr-backend","timestamp":"2025-12-24 02:48:26"}
{"error":"","level":"warn","message":"OpenBao connection attempt 1/3 to http://localhost:18200 failed","service":"ehr-backend","timestamp":"2025-12-24 02:48:26"}
{"level":"info","message":"Retrying OpenBao connection in 1000ms","service":"ehr-backend","timestamp":"2025-12-24 02:48:26"}
{"error":"","level":"warn","message":"OpenBao connection attempt 2/3 to http://localhost:18200 failed","service":"ehr-backend","timestamp":"2025-12-24 02:48:27"}
{"level":"info","message":"Retrying OpenBao connection in 2000ms","service":"ehr-backend","timestamp":"2025-12-24 02:48:27"}
{"error":"","level":"warn","message":"OpenBao connection attempt 3/3 to http://localhost:18200 failed","service":"ehr-backend","timestamp":"2025-12-24 02:48:29"}
{"level":"warn","message":"All connection attempts to http://localhost:18200 failed, trying next endpoint if available","service":"ehr-backend","timestamp":"2025-12-24 02:48:29"}
{"level":"info","message":"Attempting to connect to OpenBao at http://openbao:8200","service":"ehr-backend","timestamp":"2025-12-24 02:48:29"}
{"level":"info","message":"OpenBao connection established at http://openbao:8200","service":"ehr-backend","timestamp":"2025-12-24 02:48:29"}
{"level":"info","message":"OpenBao initialized successfully","service":"ehr-backend","timestamp":"2025-12-24 02:48:29"}
{"level":"info","message":"OpenBao endpoints configured: [\"http://localhost:18200\",\"http://openbao:8200\"]","service":"ehr-backend","timestamp":"2025-12-24 03:26:20"}
{"level":"info","message":"Attempting to connect to OpenBao at http://localhost:18200","service":"ehr-backend","timestamp":"2025-12-24 03:26:20"}
{"level":"info","message":"Server running on port 3001","service":"ehr-backend","timestamp":"2025-12-24 03:26:20"}
{"level":"info","message":"Environment: development","service":"ehr-backend","timestamp":"2025-12-24 03:26:20"}
{"level":"info","message":"API Documentation: http://localhost:3001/api/docs","service":"ehr-backend","timestamp":"2025-12-24 03:26:20"}
{"host":"mongodb","level":"info","message":"MongoDB connected","name":"ehr","service":"ehr-backend","timestamp":"2025-12-24 03:26:20"}
{"error":"","level":"warn","message":"OpenBao connection attempt 1/3 to http://localhost:18200 failed","service":"ehr-backend","timestamp":"2025-12-24 03:26:20"}
{"level":"info","message":"Retrying OpenBao connection in 1000ms","service":"ehr-backend","timestamp":"2025-12-24 03:26:20"}
{"error":"","level":"warn","message":"OpenBao connection attempt 2/3 to http://localhost:18200 failed","service":"ehr-backend","timestamp":"2025-12-24 03:26:21"}
{"level":"info","message":"Retrying OpenBao connection in 2000ms","service":"ehr-backend","timestamp":"2025-12-24 03:26:21"}
{"error":"","level":"warn","message":"OpenBao connection attempt 3/3 to http://localhost:18200 failed","service":"ehr-backend","timestamp":"2025-12-24 03:26:23"}
{"level":"warn","message":"All connection attempts to http://localhost:18200 failed, trying next endpoint if available","service":"ehr-backend","timestamp":"2025-12-24 03:26:23"}
{"level":"info","message":"Attempting to connect to OpenBao at http://openbao:8200","service":"ehr-backend","timestamp":"2025-12-24 03:26:23"}
{"level":"info","message":"OpenBao connection established at http://openbao:8200","service":"ehr-backend","timestamp":"2025-12-24 03:26:23"}
{"level":"info","message":"OpenBao initialized successfully","service":"ehr-backend","timestamp":"2025-12-24 03:26:23"}
