{"level":"info","message":"OpenBao endpoints configured: [\"http://localhost:18200\",\"http://openbao:8200\"]","service":"ehr-backend","timestamp":"2025-12-27 09:35:11"}
{"level":"info","message":"Attempting to connect to OpenBao at http://localhost:18200","service":"ehr-backend","timestamp":"2025-12-27 09:35:11"}
{"level":"info","message":"Server running on port 3001","service":"ehr-backend","timestamp":"2025-12-27 09:35:11"}
{"level":"info","message":"Environment: development","service":"ehr-backend","timestamp":"2025-12-27 09:35:11"}
{"level":"info","message":"API Documentation: http://localhost:3001/api/docs","service":"ehr-backend","timestamp":"2025-12-27 09:35:11"}
{"host":"mongodb","level":"info","message":"MongoDB connected","name":"ehr","service":"ehr-backend","timestamp":"2025-12-27 09:35:12"}
{"error":"","level":"warn","message":"OpenBao connection attempt 1/3 to http://localhost:18200 failed","service":"ehr-backend","timestamp":"2025-12-27 09:35:12"}
{"level":"info","message":"Retrying OpenBao connection in 1000ms","service":"ehr-backend","timestamp":"2025-12-27 09:35:12"}
{"error":"","level":"warn","message":"OpenBao connection attempt 2/3 to http://localhost:18200 failed","service":"ehr-backend","timestamp":"2025-12-27 09:35:13"}
{"level":"info","message":"Retrying OpenBao connection in 2000ms","service":"ehr-backend","timestamp":"2025-12-27 09:35:13"}
{"error":"","level":"warn","message":"OpenBao connection attempt 3/3 to http://localhost:18200 failed","service":"ehr-backend","timestamp":"2025-12-27 09:35:15"}
{"level":"warn","message":"All connection attempts to http://localhost:18200 failed, trying next endpoint if available","service":"ehr-backend","timestamp":"2025-12-27 09:35:15"}
{"level":"info","message":"Attempting to connect to OpenBao at http://openbao:8200","service":"ehr-backend","timestamp":"2025-12-27 09:35:15"}
{"error":"getaddrinfo ENOTFOUND openbao","level":"warn","message":"OpenBao connection attempt 1/3 to http://openbao:8200 failed","service":"ehr-backend","timestamp":"2025-12-27 09:35:15"}
{"level":"info","message":"Retrying OpenBao connection in 1000ms","service":"ehr-backend","timestamp":"2025-12-27 09:35:15"}
{"error":"getaddrinfo ENOTFOUND openbao","level":"warn","message":"OpenBao connection attempt 2/3 to http://openbao:8200 failed","service":"ehr-backend","timestamp":"2025-12-27 09:35:16"}
{"level":"info","message":"Retrying OpenBao connection in 2000ms","service":"ehr-backend","timestamp":"2025-12-27 09:35:16"}
{"error":"connect EHOSTUNREACH 172.19.0.2:8200","level":"warn","message":"OpenBao connection attempt 3/3 to http://openbao:8200 failed","service":"ehr-backend","timestamp":"2025-12-27 09:35:21"}
{"level":"warn","message":"All connection attempts to http://openbao:8200 failed, trying next endpoint if available","service":"ehr-backend","timestamp":"2025-12-27 09:35:21"}
{"endpointsTried":["http://localhost:18200","http://openbao:8200"],"error":"connect EHOSTUNREACH 172.19.0.2:8200","level":"error","message":"OpenBao connection failed after trying all endpoints","service":"ehr-backend","timestamp":"2025-12-27 09:35:21"}
{"level":"warn","message":"Application will continue but crypto operations will fail","service":"ehr-backend","timestamp":"2025-12-27 09:35:21"}
{"level":"warn","message":"OpenBao initialization failed - crypto operations may fail","service":"ehr-backend","timestamp":"2025-12-27 09:35:21"}
