{"level":"info","message":"OpenBao endpoints configured: [\"http://openbao:8200\",\"http://localhost:18200\"]","service":"ehr-backend","timestamp":"2025-12-18 10:14:22"}
{"level":"info","message":"Attempting to connect to OpenBao at http://openbao:8200","service":"ehr-backend","timestamp":"2025-12-18 10:14:22"}
{"level":"info","message":"Server running on port 3001","service":"ehr-backend","timestamp":"2025-12-18 10:14:22"}
{"level":"info","message":"Environment: development","service":"ehr-backend","timestamp":"2025-12-18 10:14:22"}
{"level":"info","message":"API Documentation: http://localhost:3001/api/docs","service":"ehr-backend","timestamp":"2025-12-18 10:14:22"}
{"host":"mongodb","level":"info","message":"MongoDB connected","name":"EhrDB","service":"ehr-backend","timestamp":"2025-12-18 10:14:22"}
{"error":"getaddrinfo ENOTFOUND openbao","level":"warn","message":"OpenBao connection attempt 1/3 to http://openbao:8200 failed","service":"ehr-backend","timestamp":"2025-12-18 10:14:23"}
{"level":"info","message":"Retrying OpenBao connection in 1000ms","service":"ehr-backend","timestamp":"2025-12-18 10:14:23"}
{"error":"getaddrinfo ENOTFOUND openbao","level":"warn","message":"OpenBao connection attempt 2/3 to http://openbao:8200 failed","service":"ehr-backend","timestamp":"2025-12-18 10:14:24"}
{"level":"info","message":"Retrying OpenBao connection in 2000ms","service":"ehr-backend","timestamp":"2025-12-18 10:14:24"}
{"error":"getaddrinfo ENOTFOUND openbao","level":"warn","message":"OpenBao connection attempt 3/3 to http://openbao:8200 failed","service":"ehr-backend","timestamp":"2025-12-18 10:14:26"}
{"level":"warn","message":"All connection attempts to http://openbao:8200 failed, trying next endpoint if available","service":"ehr-backend","timestamp":"2025-12-18 10:14:26"}
{"level":"info","message":"Attempting to connect to OpenBao at http://localhost:18200","service":"ehr-backend","timestamp":"2025-12-18 10:14:26"}
{"error":"","level":"warn","message":"OpenBao connection attempt 1/3 to http://localhost:18200 failed","service":"ehr-backend","timestamp":"2025-12-18 10:14:26"}
{"level":"info","message":"Retrying OpenBao connection in 1000ms","service":"ehr-backend","timestamp":"2025-12-18 10:14:26"}
{"error":"","level":"warn","message":"OpenBao connection attempt 2/3 to http://localhost:18200 failed","service":"ehr-backend","timestamp":"2025-12-18 10:14:27"}
{"level":"info","message":"Retrying OpenBao connection in 2000ms","service":"ehr-backend","timestamp":"2025-12-18 10:14:27"}
{"error":"","level":"warn","message":"OpenBao connection attempt 3/3 to http://localhost:18200 failed","service":"ehr-backend","timestamp":"2025-12-18 10:14:29"}
{"level":"warn","message":"All connection attempts to http://localhost:18200 failed, trying next endpoint if available","service":"ehr-backend","timestamp":"2025-12-18 10:14:29"}
{"endpointsTried":["http://openbao:8200","http://localhost:18200"],"error":"Unknown error","level":"error","message":"OpenBao connection failed after trying all endpoints","service":"ehr-backend","timestamp":"2025-12-18 10:14:29"}
{"level":"warn","message":"Application will continue but crypto operations will fail","service":"ehr-backend","timestamp":"2025-12-18 10:14:29"}
{"level":"warn","message":"OpenBao initialization failed - crypto operations may fail","service":"ehr-backend","timestamp":"2025-12-18 10:14:29"}
{"level":"info","message":"OpenBao endpoints configured: [\"http://openbao:8200\",\"http://localhost:18200\"]","service":"ehr-backend","timestamp":"2025-12-18 10:27:59"}
{"level":"info","message":"Attempting to connect to OpenBao at http://openbao:8200","service":"ehr-backend","timestamp":"2025-12-18 10:28:00"}
{"level":"info","message":"Server running on port 3001","service":"ehr-backend","timestamp":"2025-12-18 10:28:00"}
{"level":"info","message":"Environment: development","service":"ehr-backend","timestamp":"2025-12-18 10:28:00"}
{"level":"info","message":"API Documentation: http://localhost:3001/api/docs","service":"ehr-backend","timestamp":"2025-12-18 10:28:00"}
{"host":"mongodb","level":"info","message":"MongoDB connected","name":"EhrDB","service":"ehr-backend","timestamp":"2025-12-18 10:28:01"}
{"level":"info","message":"OpenBao connection established at http://openbao:8200","service":"ehr-backend","timestamp":"2025-12-18 10:28:01"}
{"level":"info","message":"OpenBao initialized successfully","service":"ehr-backend","timestamp":"2025-12-18 10:28:01"}
{"level":"info","message":"OpenBao endpoints configured: [\"http://openbao:8200\",\"http://localhost:18200\"]","service":"ehr-backend","timestamp":"2025-12-18 10:28:23"}
{"level":"info","message":"Attempting to connect to OpenBao at http://openbao:8200","service":"ehr-backend","timestamp":"2025-12-18 10:28:24"}
{"level":"info","message":"Server running on port 3001","service":"ehr-backend","timestamp":"2025-12-18 10:28:24"}
{"level":"info","message":"Environment: development","service":"ehr-backend","timestamp":"2025-12-18 10:28:24"}
{"level":"info","message":"API Documentation: http://localhost:3001/api/docs","service":"ehr-backend","timestamp":"2025-12-18 10:28:24"}
{"host":"mongodb","level":"info","message":"MongoDB connected","name":"EhrDB","service":"ehr-backend","timestamp":"2025-12-18 10:28:24"}
{"level":"info","message":"OpenBao connection established at http://openbao:8200","service":"ehr-backend","timestamp":"2025-12-18 10:28:24"}
{"level":"info","message":"OpenBao initialized successfully","service":"ehr-backend","timestamp":"2025-12-18 10:28:24"}
{"level":"info","message":"OpenBao endpoints configured: [\"http://openbao:8200\",\"http://localhost:18200\"]","service":"ehr-backend","timestamp":"2025-12-18 10:28:37"}
{"level":"info","message":"Attempting to connect to OpenBao at http://openbao:8200","service":"ehr-backend","timestamp":"2025-12-18 10:28:38"}
{"level":"info","message":"Server running on port 3001","service":"ehr-backend","timestamp":"2025-12-18 10:28:38"}
{"level":"info","message":"Environment: development","service":"ehr-backend","timestamp":"2025-12-18 10:28:38"}
{"level":"info","message":"API Documentation: http://localhost:3001/api/docs","service":"ehr-backend","timestamp":"2025-12-18 10:28:38"}
{"host":"mongodb","level":"info","message":"MongoDB connected","name":"EhrDB","service":"ehr-backend","timestamp":"2025-12-18 10:28:38"}
{"level":"info","message":"OpenBao connection established at http://openbao:8200","service":"ehr-backend","timestamp":"2025-12-18 10:28:38"}
{"level":"info","message":"OpenBao initialized successfully","service":"ehr-backend","timestamp":"2025-12-18 10:28:38"}
{"level":"info","message":"OpenBao endpoints configured: [\"http://openbao:8200\",\"http://localhost:18200\"]","service":"ehr-backend","timestamp":"2025-12-18 10:28:52"}
{"level":"info","message":"Attempting to connect to OpenBao at http://openbao:8200","service":"ehr-backend","timestamp":"2025-12-18 10:28:52"}
{"level":"info","message":"Server running on port 3001","service":"ehr-backend","timestamp":"2025-12-18 10:28:52"}
{"level":"info","message":"Environment: development","service":"ehr-backend","timestamp":"2025-12-18 10:28:52"}
{"level":"info","message":"API Documentation: http://localhost:3001/api/docs","service":"ehr-backend","timestamp":"2025-12-18 10:28:52"}
{"host":"mongodb","level":"info","message":"MongoDB connected","name":"EhrDB","service":"ehr-backend","timestamp":"2025-12-18 10:28:52"}
{"level":"info","message":"OpenBao connection established at http://openbao:8200","service":"ehr-backend","timestamp":"2025-12-18 10:28:52"}
{"level":"info","message":"OpenBao initialized successfully","service":"ehr-backend","timestamp":"2025-12-18 10:28:52"}
{"level":"info","message":"OpenBao endpoints configured: [\"http://openbao:8200\",\"http://localhost:18200\"]","service":"ehr-backend","timestamp":"2025-12-18 10:29:25"}
{"level":"info","message":"Attempting to connect to OpenBao at http://openbao:8200","service":"ehr-backend","timestamp":"2025-12-18 10:29:25"}
{"level":"info","message":"Server running on port 3001","service":"ehr-backend","timestamp":"2025-12-18 10:29:25"}
{"level":"info","message":"Environment: development","service":"ehr-backend","timestamp":"2025-12-18 10:29:25"}
{"level":"info","message":"API Documentation: http://localhost:3001/api/docs","service":"ehr-backend","timestamp":"2025-12-18 10:29:25"}
{"host":"mongodb","level":"info","message":"MongoDB connected","name":"EhrDB","service":"ehr-backend","timestamp":"2025-12-18 10:29:25"}
{"level":"info","message":"OpenBao connection established at http://openbao:8200","service":"ehr-backend","timestamp":"2025-12-18 10:29:25"}
{"level":"info","message":"OpenBao initialized successfully","service":"ehr-backend","timestamp":"2025-12-18 10:29:25"}
{"level":"info","message":"OpenBao endpoints configured: [\"http://openbao:8200\",\"http://localhost:18200\"]","service":"ehr-backend","timestamp":"2025-12-18 10:29:38"}
{"level":"info","message":"Attempting to connect to OpenBao at http://openbao:8200","service":"ehr-backend","timestamp":"2025-12-18 10:29:39"}
{"level":"info","message":"Server running on port 3001","service":"ehr-backend","timestamp":"2025-12-18 10:29:39"}
{"level":"info","message":"Environment: development","service":"ehr-backend","timestamp":"2025-12-18 10:29:39"}
{"level":"info","message":"API Documentation: http://localhost:3001/api/docs","service":"ehr-backend","timestamp":"2025-12-18 10:29:39"}
{"level":"info","message":"OpenBao connection established at http://openbao:8200","service":"ehr-backend","timestamp":"2025-12-18 10:29:39"}
{"level":"info","message":"OpenBao initialized successfully","service":"ehr-backend","timestamp":"2025-12-18 10:29:39"}
{"host":"mongodb","level":"info","message":"MongoDB connected","name":"EhrDB","service":"ehr-backend","timestamp":"2025-12-18 10:29:39"}
{"level":"info","message":"OpenBao endpoints configured: [\"http://openbao:8200\",\"http://localhost:18200\"]","service":"ehr-backend","timestamp":"2025-12-18 10:30:20"}
{"level":"info","message":"Attempting to connect to OpenBao at http://openbao:8200","service":"ehr-backend","timestamp":"2025-12-18 10:30:21"}
{"level":"info","message":"Server running on port 3001","service":"ehr-backend","timestamp":"2025-12-18 10:30:21"}
{"level":"info","message":"Environment: development","service":"ehr-backend","timestamp":"2025-12-18 10:30:21"}
{"level":"info","message":"API Documentation: http://localhost:3001/api/docs","service":"ehr-backend","timestamp":"2025-12-18 10:30:21"}
{"host":"mongodb","level":"info","message":"MongoDB connected","name":"EhrDB","service":"ehr-backend","timestamp":"2025-12-18 10:30:21"}
{"level":"info","message":"OpenBao connection established at http://openbao:8200","service":"ehr-backend","timestamp":"2025-12-18 10:30:21"}
{"level":"info","message":"OpenBao initialized successfully","service":"ehr-backend","timestamp":"2025-12-18 10:30:21"}
{"level":"info","message":"OpenBao endpoints configured: [\"http://openbao:8200\",\"http://localhost:18200\"]","service":"ehr-backend","timestamp":"2025-12-18 10:30:57"}
{"level":"info","message":"Attempting to connect to OpenBao at http://openbao:8200","service":"ehr-backend","timestamp":"2025-12-18 10:30:58"}
{"level":"info","message":"Server running on port 3001","service":"ehr-backend","timestamp":"2025-12-18 10:30:58"}
{"level":"info","message":"Environment: development","service":"ehr-backend","timestamp":"2025-12-18 10:30:58"}
{"level":"info","message":"API Documentation: http://localhost:3001/api/docs","service":"ehr-backend","timestamp":"2025-12-18 10:30:58"}
{"host":"mongodb","level":"info","message":"MongoDB connected","name":"EhrDB","service":"ehr-backend","timestamp":"2025-12-18 10:30:58"}
{"level":"info","message":"OpenBao connection established at http://openbao:8200","service":"ehr-backend","timestamp":"2025-12-18 10:30:58"}
{"level":"info","message":"OpenBao initialized successfully","service":"ehr-backend","timestamp":"2025-12-18 10:30:58"}
{"level":"info","message":"OpenBao endpoints configured: [\"http://openbao:8200\",\"http://localhost:18200\"]","service":"ehr-backend","timestamp":"2025-12-18 10:31:28"}
{"level":"info","message":"Attempting to connect to OpenBao at http://openbao:8200","service":"ehr-backend","timestamp":"2025-12-18 10:31:29"}
{"level":"info","message":"Server running on port 3001","service":"ehr-backend","timestamp":"2025-12-18 10:31:29"}
{"level":"info","message":"Environment: development","service":"ehr-backend","timestamp":"2025-12-18 10:31:29"}
{"level":"info","message":"API Documentation: http://localhost:3001/api/docs","service":"ehr-backend","timestamp":"2025-12-18 10:31:29"}
{"host":"mongodb","level":"info","message":"MongoDB connected","name":"EhrDB","service":"ehr-backend","timestamp":"2025-12-18 10:31:29"}
{"level":"info","message":"OpenBao connection established at http://openbao:8200","service":"ehr-backend","timestamp":"2025-12-18 10:31:29"}
{"level":"info","message":"OpenBao initialized successfully","service":"ehr-backend","timestamp":"2025-12-18 10:31:29"}
{"level":"info","message":"OpenBao endpoints configured: [\"http://openbao:8200\",\"http://localhost:18200\"]","service":"ehr-backend","timestamp":"2025-12-18 10:31:53"}
{"level":"info","message":"Attempting to connect to OpenBao at http://openbao:8200","service":"ehr-backend","timestamp":"2025-12-18 10:31:54"}
{"level":"info","message":"Server running on port 3001","service":"ehr-backend","timestamp":"2025-12-18 10:31:55"}
{"level":"info","message":"Environment: development","service":"ehr-backend","timestamp":"2025-12-18 10:31:55"}
{"level":"info","message":"API Documentation: http://localhost:3001/api/docs","service":"ehr-backend","timestamp":"2025-12-18 10:31:55"}
{"host":"mongodb","level":"info","message":"MongoDB connected","name":"EhrDB","service":"ehr-backend","timestamp":"2025-12-18 10:31:55"}
{"level":"info","message":"OpenBao connection established at http://openbao:8200","service":"ehr-backend","timestamp":"2025-12-18 10:31:55"}
{"level":"info","message":"OpenBao initialized successfully","service":"ehr-backend","timestamp":"2025-12-18 10:31:55"}
{"level":"info","message":"OpenBao endpoints configured: [\"http://openbao:8200\",\"http://localhost:18200\"]","service":"ehr-backend","timestamp":"2025-12-18 10:33:40"}
{"level":"info","message":"Attempting to connect to OpenBao at http://openbao:8200","service":"ehr-backend","timestamp":"2025-12-18 10:33:41"}
{"level":"info","message":"Server running on port 3001","service":"ehr-backend","timestamp":"2025-12-18 10:33:41"}
{"level":"info","message":"Environment: development","service":"ehr-backend","timestamp":"2025-12-18 10:33:41"}
{"level":"info","message":"API Documentation: http://localhost:3001/api/docs","service":"ehr-backend","timestamp":"2025-12-18 10:33:41"}
{"host":"mongodb","level":"info","message":"MongoDB connected","name":"EhrDB","service":"ehr-backend","timestamp":"2025-12-18 10:33:41"}
{"level":"info","message":"OpenBao connection established at http://openbao:8200","service":"ehr-backend","timestamp":"2025-12-18 10:33:41"}
{"level":"info","message":"OpenBao initialized successfully","service":"ehr-backend","timestamp":"2025-12-18 10:33:41"}
{"level":"info","message":"OpenBao endpoints configured: [\"http://openbao:8200\",\"http://localhost:18200\"]","service":"ehr-backend","timestamp":"2025-12-18 10:33:54"}
{"level":"info","message":"Attempting to connect to OpenBao at http://openbao:8200","service":"ehr-backend","timestamp":"2025-12-18 10:33:54"}
{"level":"info","message":"Server running on port 3001","service":"ehr-backend","timestamp":"2025-12-18 10:33:54"}
{"level":"info","message":"Environment: development","service":"ehr-backend","timestamp":"2025-12-18 10:33:54"}
{"level":"info","message":"API Documentation: http://localhost:3001/api/docs","service":"ehr-backend","timestamp":"2025-12-18 10:33:54"}
{"host":"mongodb","level":"info","message":"MongoDB connected","name":"EhrDB","service":"ehr-backend","timestamp":"2025-12-18 10:33:55"}
{"level":"info","message":"OpenBao connection established at http://openbao:8200","service":"ehr-backend","timestamp":"2025-12-18 10:33:55"}
{"level":"info","message":"OpenBao initialized successfully","service":"ehr-backend","timestamp":"2025-12-18 10:33:55"}
{"level":"info","message":"OpenBao endpoints configured: [\"http://openbao:8200\",\"http://localhost:18200\"]","service":"ehr-backend","timestamp":"2025-12-18 10:34:29"}
{"level":"info","message":"Attempting to connect to OpenBao at http://openbao:8200","service":"ehr-backend","timestamp":"2025-12-18 10:34:30"}
{"level":"info","message":"Server running on port 3001","service":"ehr-backend","timestamp":"2025-12-18 10:34:30"}
{"level":"info","message":"Environment: development","service":"ehr-backend","timestamp":"2025-12-18 10:34:30"}
{"level":"info","message":"API Documentation: http://localhost:3001/api/docs","service":"ehr-backend","timestamp":"2025-12-18 10:34:30"}
{"host":"mongodb","level":"info","message":"MongoDB connected","name":"EhrDB","service":"ehr-backend","timestamp":"2025-12-18 10:34:30"}
{"level":"info","message":"OpenBao connection established at http://openbao:8200","service":"ehr-backend","timestamp":"2025-12-18 10:34:30"}
{"level":"info","message":"OpenBao initialized successfully","service":"ehr-backend","timestamp":"2025-12-18 10:34:30"}
{"level":"info","message":"OpenBao endpoints configured: [\"http://openbao:8200\",\"http://localhost:18200\"]","service":"ehr-backend","timestamp":"2025-12-18 10:34:43"}
{"level":"info","message":"Attempting to connect to OpenBao at http://openbao:8200","service":"ehr-backend","timestamp":"2025-12-18 10:34:43"}
{"level":"info","message":"Server running on port 3001","service":"ehr-backend","timestamp":"2025-12-18 10:34:43"}
{"level":"info","message":"Environment: development","service":"ehr-backend","timestamp":"2025-12-18 10:34:43"}
{"level":"info","message":"API Documentation: http://localhost:3001/api/docs","service":"ehr-backend","timestamp":"2025-12-18 10:34:43"}
{"level":"info","message":"OpenBao connection established at http://openbao:8200","service":"ehr-backend","timestamp":"2025-12-18 10:34:43"}
{"level":"info","message":"OpenBao initialized successfully","service":"ehr-backend","timestamp":"2025-12-18 10:34:43"}
{"host":"mongodb","level":"info","message":"MongoDB connected","name":"EhrDB","service":"ehr-backend","timestamp":"2025-12-18 10:34:43"}
{"level":"info","message":"OpenBao endpoints configured: [\"http://openbao:8200\",\"http://localhost:18200\"]","service":"ehr-backend","timestamp":"2025-12-18 10:35:19"}
{"level":"info","message":"Attempting to connect to OpenBao at http://openbao:8200","service":"ehr-backend","timestamp":"2025-12-18 10:35:19"}
{"level":"info","message":"Server running on port 3001","service":"ehr-backend","timestamp":"2025-12-18 10:35:20"}
{"level":"info","message":"Environment: development","service":"ehr-backend","timestamp":"2025-12-18 10:35:20"}
{"level":"info","message":"API Documentation: http://localhost:3001/api/docs","service":"ehr-backend","timestamp":"2025-12-18 10:35:20"}
{"host":"mongodb","level":"info","message":"MongoDB connected","name":"EhrDB","service":"ehr-backend","timestamp":"2025-12-18 10:35:20"}
{"level":"info","message":"OpenBao connection established at http://openbao:8200","service":"ehr-backend","timestamp":"2025-12-18 10:35:20"}
{"level":"info","message":"OpenBao initialized successfully","service":"ehr-backend","timestamp":"2025-12-18 10:35:20"}
{"level":"info","message":"OpenBao endpoints configured: [\"http://localhost:18200\",\"http://openbao:8200\"]","service":"ehr-backend","timestamp":"2025-12-18 13:40:22"}
{"level":"info","message":"Attempting to connect to OpenBao at http://localhost:18200","service":"ehr-backend","timestamp":"2025-12-18 13:40:22"}
{"level":"info","message":"Server running on port 3001","service":"ehr-backend","timestamp":"2025-12-18 13:40:22"}
{"level":"info","message":"Environment: development","service":"ehr-backend","timestamp":"2025-12-18 13:40:22"}
{"level":"info","message":"API Documentation: http://localhost:3001/api/docs","service":"ehr-backend","timestamp":"2025-12-18 13:40:22"}
{"host":"mongodb","level":"info","message":"MongoDB connected","name":"ehr-dev","service":"ehr-backend","timestamp":"2025-12-18 13:40:22"}
{"error":"","level":"warn","message":"OpenBao connection attempt 1/3 to http://localhost:18200 failed","service":"ehr-backend","timestamp":"2025-12-18 13:40:22"}
{"level":"info","message":"Retrying OpenBao connection in 1000ms","service":"ehr-backend","timestamp":"2025-12-18 13:40:22"}
{"error":"","level":"warn","message":"OpenBao connection attempt 2/3 to http://localhost:18200 failed","service":"ehr-backend","timestamp":"2025-12-18 13:40:23"}
{"level":"info","message":"Retrying OpenBao connection in 2000ms","service":"ehr-backend","timestamp":"2025-12-18 13:40:23"}
{"error":"","level":"warn","message":"OpenBao connection attempt 3/3 to http://localhost:18200 failed","service":"ehr-backend","timestamp":"2025-12-18 13:40:25"}
{"level":"warn","message":"All connection attempts to http://localhost:18200 failed, trying next endpoint if available","service":"ehr-backend","timestamp":"2025-12-18 13:40:25"}
{"level":"info","message":"Attempting to connect to OpenBao at http://openbao:8200","service":"ehr-backend","timestamp":"2025-12-18 13:40:25"}
{"level":"info","message":"OpenBao connection established at http://openbao:8200","service":"ehr-backend","timestamp":"2025-12-18 13:40:25"}
{"level":"info","message":"OpenBao initialized successfully","service":"ehr-backend","timestamp":"2025-12-18 13:40:25"}
{"level":"info","message":"OpenBao endpoints configured: [\"http://localhost:18200\",\"http://openbao:8200\"]","service":"ehr-backend","timestamp":"2025-12-18 14:01:33"}
{"level":"info","message":"Attempting to connect to OpenBao at http://localhost:18200","service":"ehr-backend","timestamp":"2025-12-18 14:01:34"}
{"level":"info","message":"Server running on port 3001","service":"ehr-backend","timestamp":"2025-12-18 14:01:34"}
{"level":"info","message":"Environment: development","service":"ehr-backend","timestamp":"2025-12-18 14:01:34"}
{"level":"info","message":"API Documentation: http://localhost:3001/api/docs","service":"ehr-backend","timestamp":"2025-12-18 14:01:34"}
{"host":"mongodb","level":"info","message":"MongoDB connected","name":"ehr","service":"ehr-backend","timestamp":"2025-12-18 14:01:34"}
{"error":"","level":"warn","message":"OpenBao connection attempt 1/3 to http://localhost:18200 failed","service":"ehr-backend","timestamp":"2025-12-18 14:01:34"}
{"level":"info","message":"Retrying OpenBao connection in 1000ms","service":"ehr-backend","timestamp":"2025-12-18 14:01:34"}
{"error":"","level":"warn","message":"OpenBao connection attempt 2/3 to http://localhost:18200 failed","service":"ehr-backend","timestamp":"2025-12-18 14:01:35"}
{"level":"info","message":"Retrying OpenBao connection in 2000ms","service":"ehr-backend","timestamp":"2025-12-18 14:01:35"}
{"error":"","level":"warn","message":"OpenBao connection attempt 3/3 to http://localhost:18200 failed","service":"ehr-backend","timestamp":"2025-12-18 14:01:37"}
{"level":"warn","message":"All connection attempts to http://localhost:18200 failed, trying next endpoint if available","service":"ehr-backend","timestamp":"2025-12-18 14:01:37"}
{"level":"info","message":"Attempting to connect to OpenBao at http://openbao:8200","service":"ehr-backend","timestamp":"2025-12-18 14:01:37"}
{"level":"info","message":"OpenBao connection established at http://openbao:8200","service":"ehr-backend","timestamp":"2025-12-18 14:01:37"}
{"level":"info","message":"OpenBao initialized successfully","service":"ehr-backend","timestamp":"2025-12-18 14:01:37"}
{"body":{},"ip":"::ffff:192.168.65.1","level":"error","message":"Not Found - /health","method":"GET","service":"ehr-backend","stack":"Error: Not Found - /health\n    at notFound (/app/middlewares/errorHandler.js:34:17)\n    at Layer.handle [as handle_request] (/app/node_modules/express/lib/router/layer.js:95:5)\n    at trim_prefix (/app/node_modules/express/lib/router/index.js:328:13)\n    at /app/node_modules/express/lib/router/index.js:286:9\n    at router.process_params (/app/node_modules/express/lib/router/index.js:346:12)\n    at next (/app/node_modules/express/lib/router/index.js:280:10)\n    at urlencodedParser (/app/node_modules/body-parser/lib/types/urlencoded.js:91:7)\n    at Layer.handle [as handle_request] (/app/node_modules/express/lib/router/layer.js:95:5)\n    at trim_prefix (/app/node_modules/express/lib/router/index.js:328:13)\n    at /app/node_modules/express/lib/router/index.js:286:9\n    at router.process_params (/app/node_modules/express/lib/router/index.js:346:12)\n    at next (/app/node_modules/express/lib/router/index.js:280:10)\n    at jsonParser (/app/node_modules/body-parser/lib/types/json.js:113:7)\n    at Layer.handle [as handle_request] (/app/node_modules/express/lib/router/layer.js:95:5)\n    at trim_prefix (/app/node_modules/express/lib/router/index.js:328:13)\n    at /app/node_modules/express/lib/router/index.js:286:9","timestamp":"2025-12-18 14:01:55","url":"/health"}
{"level":"info","message":"Health check performed","service":"ehr-backend","services":{"api":"operational","mongodb":"connected","openbao":"healthy"},"status":"healthy","timestamp":"2025-12-18 14:02:03"}
{"level":"info","message":"Health check performed","service":"ehr-backend","services":{"api":"operational","mongodb":"connected","openbao":"healthy"},"status":"healthy","timestamp":"2025-12-18 14:04:53"}
{"body":{},"ip":"::ffff:192.168.65.1","level":"error","message":"Not Found - /favicon.ico","method":"GET","service":"ehr-backend","stack":"Error: Not Found - /favicon.ico\n    at notFound (/app/middlewares/errorHandler.js:34:17)\n    at Layer.handle [as handle_request] (/app/node_modules/express/lib/router/layer.js:95:5)\n    at trim_prefix (/app/node_modules/express/lib/router/index.js:328:13)\n    at /app/node_modules/express/lib/router/index.js:286:9\n    at router.process_params (/app/node_modules/express/lib/router/index.js:346:12)\n    at next (/app/node_modules/express/lib/router/index.js:280:10)\n    at urlencodedParser (/app/node_modules/body-parser/lib/types/urlencoded.js:91:7)\n    at Layer.handle [as handle_request] (/app/node_modules/express/lib/router/layer.js:95:5)\n    at trim_prefix (/app/node_modules/express/lib/router/index.js:328:13)\n    at /app/node_modules/express/lib/router/index.js:286:9\n    at router.process_params (/app/node_modules/express/lib/router/index.js:346:12)\n    at next (/app/node_modules/express/lib/router/index.js:280:10)\n    at jsonParser (/app/node_modules/body-parser/lib/types/json.js:113:7)\n    at Layer.handle [as handle_request] (/app/node_modules/express/lib/router/layer.js:95:5)\n    at trim_prefix (/app/node_modules/express/lib/router/index.js:328:13)\n    at /app/node_modules/express/lib/router/index.js:286:9","timestamp":"2025-12-18 14:04:53","url":"/favicon.ico"}
